// Jest Snapshot v1, https://goo.gl/fbAQLP

exports[`reverse-identifiers Reverses function names 1`] = `"function noitcnuFa() {};"`;

exports[`reverse-identifiers transforms correctly 1`] = `
"var droWtsrif = 'Hello ';
var droWdnoces = 'world';
var egassem = droWtsrif + droWdnoces;"
`;

exports[`typescript/reverse-identifiers transforms correctly 1`] = `
"const droWtsrif = 'Hello ';
const droWdnoces = 'world';
const egassem = droWtsrif + droWdnoces;
const egasseMteg = (): string => egassem"
`;
